#-----------------------------------------------------------
# Vivado v2022.2 (64-bit)
# SW Build 3671981 on Fri Oct 14 05:00:03 MDT 2022
# IP Build 3669848 on Fri Oct 14 08:30:02 MDT 2022
# Start of session at: Fri Dec  9 16:01:00 2022
# Process ID: 57328
# Current directory: C:/Users/PC/Documents/FPGA/final_proj/VDP/VDP.runs/frame_buffer_blk_mem_gen_0_0_synth_1
# Command line: vivado.exe -log frame_buffer_blk_mem_gen_0_0.vds -product Vivado -mode batch -messageDb vivado.pb -notrace -source frame_buffer_blk_mem_gen_0_0.tcl
# Log file: C:/Users/PC/Documents/FPGA/final_proj/VDP/VDP.runs/frame_buffer_blk_mem_gen_0_0_synth_1/frame_buffer_blk_mem_gen_0_0.vds
# Journal file: C:/Users/PC/Documents/FPGA/final_proj/VDP/VDP.runs/frame_buffer_blk_mem_gen_0_0_synth_1\vivado.jou
# Running On: DESKTOP-S6J8FS7, OS: Windows, CPU Frequency: 2594 MHz, CPU Physical cores: 2, Host memory: 7955 MB
#-----------------------------------------------------------
source frame_buffer_blk_mem_gen_0_0.tcl -notrace
